WARNING: A terminally deprecated method in sun.misc.Unsafe has been called
WARNING: sun.misc.Unsafe::staticFieldBase has been called by com.google.inject.internal.aop.HiddenClassDefiner (file:/opt/homebrew/Cellar/maven/3.9.11/libexec/lib/guice-5.1.0-classes.jar)
WARNING: Please consider reporting this to the maintainers of class com.google.inject.internal.aop.HiddenClassDefiner
WARNING: sun.misc.Unsafe::staticFieldBase will be removed in a future release
[INFO] Scanning for projects...
[INFO] 
[INFO] ------------------< com.care.ride:care-ride-backend >-------------------
[INFO] Building care-ride-backend 0.0.1
[INFO]   from pom.xml
[INFO] --------------------------------[ war ]---------------------------------
[INFO] 
[INFO] >>> spring-boot:3.3.2:run (default-cli) > test-compile @ care-ride-backend >>>
[INFO] 
[INFO] --- spring-boot:3.3.2:build-info (build-info) @ care-ride-backend ---
[INFO] 
[INFO] --- resources:3.3.1:resources (default-resources) @ care-ride-backend ---
[WARNING] Using platform encoding (UTF-8 actually) to copy filtered resources, i.e. build is platform dependent!
[INFO] Copying 5 resources from src/main/resources to target/classes
[INFO] 
[INFO] --- compiler:3.11.0:compile (default-compile) @ care-ride-backend ---
[INFO] Nothing to compile - all classes are up to date
[INFO] 
[INFO] --- resources:3.3.1:testResources (default-testResources) @ care-ride-backend ---
[WARNING] Using platform encoding (UTF-8 actually) to copy filtered resources, i.e. build is platform dependent!
[INFO] skip non existing resourceDirectory /Users/chhabisharma/Documents/Care-ride-solution/care-ride-solutions-backend/src/test/resources
[INFO] 
[INFO] --- compiler:3.11.0:testCompile (default-testCompile) @ care-ride-backend ---
[INFO] No sources to compile
[INFO] 
[INFO] <<< spring-boot:3.3.2:run (default-cli) < test-compile @ care-ride-backend <<<
[INFO] 
[INFO] 
[INFO] --- spring-boot:3.3.2:run (default-cli) @ care-ride-backend ---
[INFO] Attaching agents: []

  .   ____          _            __ _ _
 /\\ / ___'_ __ _ _(_)_ __  __ _ \ \ \ \
( ( )\___ | '_ | '_| | '_ \/ _` | \ \ \ \
 \\/  ___)| |_)| | | | | || (_| |  ) ) ) )
  '  |____| .__|_| |_|_| |_\__, | / / / /
 =========|_|==============|___/=/_/_/_/

 :: Spring Boot ::                (v3.3.2)

2025-09-22T14:26:23.555-04:00  INFO 30390 --- [           main] com.care.ride.CareRideApplication        : Starting CareRideApplication using Java 24.0.2 with PID 30390 (/Users/chhabisharma/Documents/Care-ride-solution/care-ride-solutions-backend/target/classes started by chhabisharma in /Users/chhabisharma/Documents/Care-ride-solution/care-ride-solutions-backend)
2025-09-22T14:26:23.557-04:00  INFO 30390 --- [           main] com.care.ride.CareRideApplication        : The following 1 profile is active: "local"
2025-09-22T14:26:23.916-04:00  INFO 30390 --- [           main] .s.d.r.c.RepositoryConfigurationDelegate : Bootstrapping Spring Data JPA repositories in DEFAULT mode.
2025-09-22T14:26:23.939-04:00  INFO 30390 --- [           main] .s.d.r.c.RepositoryConfigurationDelegate : Finished Spring Data repository scanning in 20 ms. Found 3 JPA repository interfaces.
WARNING: A restricted method in java.lang.System has been called
WARNING: java.lang.System::load has been called by org.apache.tomcat.jni.Library in an unnamed module (file:/Users/chhabisharma/.m2/repository/org/apache/tomcat/embed/tomcat-embed-core/10.1.26/tomcat-embed-core-10.1.26.jar)
WARNING: Use --enable-native-access=ALL-UNNAMED to avoid a warning for callers in this module
WARNING: Restricted methods will be blocked in a future release unless native access is enabled

2025-09-22T14:26:24.254-04:00  INFO 30390 --- [           main] o.s.b.w.embedded.tomcat.TomcatWebServer  : Tomcat initialized with port 8080 (http)
2025-09-22T14:26:24.259-04:00  INFO 30390 --- [           main] o.apache.catalina.core.StandardService   : Starting service [Tomcat]
2025-09-22T14:26:24.260-04:00  INFO 30390 --- [           main] o.apache.catalina.core.StandardEngine    : Starting Servlet engine: [Apache Tomcat/10.1.26]
2025-09-22T14:26:24.279-04:00  INFO 30390 --- [           main] o.a.c.c.C.[Tomcat].[localhost].[/]       : Initializing Spring embedded WebApplicationContext
2025-09-22T14:26:24.280-04:00  INFO 30390 --- [           main] w.s.c.ServletWebServerApplicationContext : Root WebApplicationContext: initialization completed in 705 ms
2025-09-22T14:26:24.343-04:00  INFO 30390 --- [           main] com.zaxxer.hikari.HikariDataSource       : HikariPool-1 - Starting...
2025-09-22T14:26:24.427-04:00  INFO 30390 --- [           main] com.zaxxer.hikari.pool.HikariPool        : HikariPool-1 - Added connection conn0: url=jdbc:h2:mem:caredb user=SA
2025-09-22T14:26:24.428-04:00  INFO 30390 --- [           main] com.zaxxer.hikari.HikariDataSource       : HikariPool-1 - Start completed.
2025-09-22T14:26:24.434-04:00  INFO 30390 --- [           main] o.s.b.a.h2.H2ConsoleAutoConfiguration    : H2 console available at '/h2-console'. Database available at 'jdbc:h2:mem:caredb'
2025-09-22T14:26:24.514-04:00  INFO 30390 --- [           main] o.hibernate.jpa.internal.util.LogHelper  : HHH000204: Processing PersistenceUnitInfo [name: default]
2025-09-22T14:26:24.534-04:00  INFO 30390 --- [           main] org.hibernate.Version                    : HHH000412: Hibernate ORM core version 6.5.2.Final
2025-09-22T14:26:24.545-04:00  INFO 30390 --- [           main] o.h.c.internal.RegionFactoryInitiator    : HHH000026: Second-level cache disabled
2025-09-22T14:26:24.653-04:00  INFO 30390 --- [           main] o.s.o.j.p.SpringPersistenceUnitInfo      : No LoadTimeWeaver setup: ignoring JPA class transformer
2025-09-22T14:26:24.669-04:00  WARN 30390 --- [           main] org.hibernate.orm.deprecation            : HHH90000025: H2Dialect does not need to be specified explicitly using 'hibernate.dialect' (remove the property setting and it will be selected by default)
2025-09-22T14:26:25.034-04:00  INFO 30390 --- [           main] o.h.e.t.j.p.i.JtaPlatformInitiator       : HHH000489: No JTA platform available (set 'hibernate.transaction.jta.platform' to enable JTA platform integration)
Hibernate: 
    drop table if exists booking cascade 
Hibernate: 
    drop table if exists contacts cascade 
Hibernate: 
    drop table if exists service_type cascade 
Hibernate: 
    create table booking (
        service_type_id integer not null,
        id bigint generated by default as identity,
        pickup_time timestamp(6) with time zone not null,
        dropoff_address varchar(255) not null,
        email varchar(255),
        full_name varchar(255) not null,
        notes varchar(255),
        phone varchar(255) not null,
        pickup_address varchar(255) not null,
        status varchar(255) not null,
        primary key (id)
    )
Hibernate: 
    create table contacts (
        created_at timestamp(6),
        id bigint generated by default as identity,
        email varchar(255),
        message text,
        name varchar(255),
        phone varchar(255),
        reason varchar(255),
        primary key (id)
    )
Hibernate: 
    create table service_type (
        id integer generated by default as identity,
        description varchar(255) not null,
        name varchar(255) not null,
        primary key (id)
    )
Hibernate: 
    alter table if exists booking 
       add constraint FKjx7gpfq3whfqo33uyhj1ckuiv 
       foreign key (service_type_id) 
       references service_type
2025-09-22T14:26:25.055-04:00  INFO 30390 --- [           main] j.LocalContainerEntityManagerFactoryBean : Initialized JPA EntityManagerFactory for persistence unit 'default'
2025-09-22T14:26:25.223-04:00  WARN 30390 --- [           main] JpaBaseConfiguration$JpaWebConfiguration : spring.jpa.open-in-view is enabled by default. Therefore, database queries may be performed during view rendering. Explicitly configure spring.jpa.open-in-view to disable this warning
2025-09-22T14:26:25.247-04:00  INFO 30390 --- [           main] r$InitializeUserDetailsManagerConfigurer : Global AuthenticationManager configured with UserDetailsService bean with name userDetailsService
2025-09-22T14:26:25.439-04:00  INFO 30390 --- [           main] o.s.b.a.e.web.EndpointLinksResolver      : Exposing 2 endpoints beneath base path '/actuator'
2025-09-22T14:26:25.641-04:00  INFO 30390 --- [           main] o.s.b.w.embedded.tomcat.TomcatWebServer  : Tomcat started on port 8080 (http) with context path '/'
2025-09-22T14:26:25.650-04:00  INFO 30390 --- [           main] com.care.ride.CareRideApplication        : Started CareRideApplication in 2.261 seconds (process running for 2.397)
2025-09-22T14:28:16.511-04:00  INFO 30390 --- [nio-8080-exec-1] o.a.c.c.C.[Tomcat].[localhost].[/]       : Initializing Spring DispatcherServlet 'dispatcherServlet'
2025-09-22T14:28:16.511-04:00  INFO 30390 --- [nio-8080-exec-1] o.s.web.servlet.DispatcherServlet        : Initializing Servlet 'dispatcherServlet'
2025-09-22T14:28:16.512-04:00  INFO 30390 --- [nio-8080-exec-1] o.s.web.servlet.DispatcherServlet        : Completed initialization in 1 ms
[contact] inbound payload email=test@example.com reason=Testing notifyRecipient=contact@careridesolutionspa.com
Hibernate: 
    insert 
    into
        contacts
        (created_at, email, message, name, phone, reason, id) 
    values
        (?, ?, ?, ?, ?, ?, default)
[contact] saved id=1 size=83
2025-09-22T14:29:42.057-04:00  INFO 30390 --- [onPool-worker-1] com.care.ride.service.EmailService       : === EMAIL SEND ATTEMPT ===
2025-09-22T14:29:42.057-04:00  INFO 30390 --- [onPool-worker-1] com.care.ride.service.EmailService       : From: contact@careridesolutionspa.com
2025-09-22T14:29:42.057-04:00  INFO 30390 --- [onPool-worker-1] com.care.ride.service.EmailService       : To: contact@careridesolutionspa.com
2025-09-22T14:29:42.057-04:00  INFO 30390 --- [onPool-worker-1] com.care.ride.service.EmailService       : Subject: New Contact Form Submission: Testing
2025-09-22T14:29:42.057-04:00  INFO 30390 --- [onPool-worker-1] com.care.ride.service.EmailService       : Host: smtp.office365.com, Port: 587
2025-09-22T14:29:42.057-04:00  INFO 30390 --- [onPool-worker-1] com.care.ride.service.EmailService       : Password configured: YES
2025-09-22T14:29:42.057-04:00  INFO 30390 --- [onPool-worker-1] com.care.ride.service.EmailService       : Password length: 17
2025-09-22T14:29:42.059-04:00  INFO 30390 --- [onPool-worker-1] com.care.ride.service.EmailService       : Trying mail send using host=smtp.office365.com, port=587, ssl=false, starttls=true, label=configured
2025-09-22T14:29:48.960-04:00 ERROR 30390 --- [onPool-worker-1] com.care.ride.service.EmailService       : ❌ AUTHENTICATION FAILED when sending email via smtp.office365.com:587 - Authentication failed
2025-09-22T14:29:48.962-04:00 ERROR 30390 --- [onPool-worker-1] com.care.ride.service.EmailService       :    Check MAIL_USERNAME and MAIL_PASSWORD are correct
2025-09-22T14:29:48.964-04:00  INFO 30390 --- [onPool-worker-1] com.care.ride.service.EmailService       : Trying mail send using host=smtp.office365.com, port=465, ssl=true, starttls=false, label=ssl465
2025-09-22T14:29:58.969-04:00 ERROR 30390 --- [onPool-worker-1] com.care.ride.service.EmailService       : ❌ FAILED to send email via smtp.office365.com:465 - MailSendException: Mail server connection failed. Failed messages: org.eclipse.angus.mail.util.MailConnectException: Couldn't connect to host, port: smtp.office365.com, 465; timeout 10000;
  nested exception is:
	java.net.SocketTimeoutException: Connect timed out
2025-09-22T14:29:58.971-04:00  INFO 30390 --- [onPool-worker-1] com.care.ride.service.EmailService       : Trying mail send using host=smtp.office365.com, port=25, ssl=false, starttls=false, label=plain25
2025-09-22T14:30:04.184-04:00 ERROR 30390 --- [onPool-worker-1] com.care.ride.service.EmailService       : ❌ FAILED to send email via smtp.office365.com:25 - MailSendException: Failed messages: org.eclipse.angus.mail.smtp.SMTPSendFailedException: 451 5.7.3 STARTTLS is required to send mail [CH5P220CA0017.NAMP220.PROD.OUTLOOK.COM 2025-09-22T18:30:04.156Z 08DDF9B0CC84AC1D]

2025-09-22T14:30:04.184-04:00 ERROR 30390 --- [onPool-worker-1] com.care.ride.service.EmailService       : ❌ ALL MAIL SEND ATTEMPTS FAILED for subject=New Contact Form Submission: Testing
2025-09-22T14:30:04.184-04:00 ERROR 30390 --- [onPool-worker-1] com.care.ride.service.EmailService       : 💡 Possible issues:
2025-09-22T14:30:04.184-04:00 ERROR 30390 --- [onPool-worker-1] com.care.ride.service.EmailService       :    1. Incorrect MAIL_USERNAME or MAIL_PASSWORD
2025-09-22T14:30:04.184-04:00 ERROR 30390 --- [onPool-worker-1] com.care.ride.service.EmailService       :    2. AWS WorkMail account not activated
2025-09-22T14:30:04.184-04:00 ERROR 30390 --- [onPool-worker-1] com.care.ride.service.EmailService       :    3. Domain careridesolutionspa.com not verified in AWS WorkMail
2025-09-22T14:30:04.184-04:00 ERROR 30390 --- [onPool-worker-1] com.care.ride.service.EmailService       :    4. Sending limits exceeded
[contact] async email result id=1 ok=false
2025-09-22T14:39:25.103-04:00  INFO 30390 --- [ionShutdownHook] j.LocalContainerEntityManagerFactoryBean : Closing JPA EntityManagerFactory for persistence unit 'default'
Hibernate: 
    drop table if exists booking cascade 
Hibernate: 
    drop table if exists contacts cascade 
Hibernate: 
    drop table if exists service_type cascade 
2025-09-22T14:39:25.106-04:00  INFO 30390 --- [ionShutdownHook] com.zaxxer.hikari.HikariDataSource       : HikariPool-1 - Shutdown initiated...
2025-09-22T14:39:25.108-04:00  INFO 30390 --- [ionShutdownHook] com.zaxxer.hikari.HikariDataSource       : HikariPool-1 - Shutdown completed.
