
  .   ____          _            __ _ _
 /\\ / ___'_ __ _ _(_)_ __  __ _ \ \ \ \
( ( )\___ | '_ | '_| | '_ \/ _` | \ \ \ \
 \\/  ___)| |_)| | | | | || (_| |  ) ) ) )
  '  |____| .__|_| |_|_| |_\__, | / / / /
 =========|_|==============|___/=/_/_/_/

 :: Spring Boot ::                (v3.3.2)

2025-09-23T07:12:28.877-04:00  INFO 32847 --- [           main] com.care.ride.CareRideApplication        : Starting CareRideApplication using Java 24.0.2 with PID 32847 (/Users/chhabisharma/Documents/Care-ride-solution/care-ride-solutions-backend/target/classes started by chhabisharma in /Users/chhabisharma/Documents/Care-ride-solution/care-ride-solutions-backend)
2025-09-23T07:12:28.878-04:00  INFO 32847 --- [           main] com.care.ride.CareRideApplication        : The following 1 profile is active: "local"
2025-09-23T07:12:29.247-04:00  INFO 32847 --- [           main] .s.d.r.c.RepositoryConfigurationDelegate : Bootstrapping Spring Data JPA repositories in DEFAULT mode.
2025-09-23T07:12:29.271-04:00  INFO 32847 --- [           main] .s.d.r.c.RepositoryConfigurationDelegate : Finished Spring Data repository scanning in 21 ms. Found 3 JPA repository interfaces.
WARNING: A restricted method in java.lang.System has been called
WARNING: java.lang.System::load has been called by org.apache.tomcat.jni.Library in an unnamed module (file:/Users/chhabisharma/.m2/repository/org/apache/tomcat/embed/tomcat-embed-core/10.1.26/tomcat-embed-core-10.1.26.jar)
WARNING: Use --enable-native-access=ALL-UNNAMED to avoid a warning for callers in this module
WARNING: Restricted methods will be blocked in a future release unless native access is enabled

2025-09-23T07:12:29.595-04:00  INFO 32847 --- [           main] o.s.b.w.embedded.tomcat.TomcatWebServer  : Tomcat initialized with port 8080 (http)
2025-09-23T07:12:29.600-04:00  INFO 32847 --- [           main] o.apache.catalina.core.StandardService   : Starting service [Tomcat]
2025-09-23T07:12:29.600-04:00  INFO 32847 --- [           main] o.apache.catalina.core.StandardEngine    : Starting Servlet engine: [Apache Tomcat/10.1.26]
2025-09-23T07:12:29.622-04:00  INFO 32847 --- [           main] o.a.c.c.C.[Tomcat].[localhost].[/]       : Initializing Spring embedded WebApplicationContext
2025-09-23T07:12:29.622-04:00  INFO 32847 --- [           main] w.s.c.ServletWebServerApplicationContext : Root WebApplicationContext: initialization completed in 724 ms
2025-09-23T07:12:29.689-04:00  INFO 32847 --- [           main] com.zaxxer.hikari.HikariDataSource       : HikariPool-1 - Starting...
2025-09-23T07:12:29.776-04:00  INFO 32847 --- [           main] com.zaxxer.hikari.pool.HikariPool        : HikariPool-1 - Added connection conn0: url=jdbc:h2:mem:caredb user=SA
2025-09-23T07:12:29.777-04:00  INFO 32847 --- [           main] com.zaxxer.hikari.HikariDataSource       : HikariPool-1 - Start completed.
2025-09-23T07:12:29.782-04:00  INFO 32847 --- [           main] o.s.b.a.h2.H2ConsoleAutoConfiguration    : H2 console available at '/h2-console'. Database available at 'jdbc:h2:mem:caredb'
2025-09-23T07:12:29.864-04:00  INFO 32847 --- [           main] o.hibernate.jpa.internal.util.LogHelper  : HHH000204: Processing PersistenceUnitInfo [name: default]
2025-09-23T07:12:29.885-04:00  INFO 32847 --- [           main] org.hibernate.Version                    : HHH000412: Hibernate ORM core version 6.5.2.Final
2025-09-23T07:12:29.897-04:00  INFO 32847 --- [           main] o.h.c.internal.RegionFactoryInitiator    : HHH000026: Second-level cache disabled
2025-09-23T07:12:30.009-04:00  INFO 32847 --- [           main] o.s.o.j.p.SpringPersistenceUnitInfo      : No LoadTimeWeaver setup: ignoring JPA class transformer
2025-09-23T07:12:30.027-04:00  WARN 32847 --- [           main] org.hibernate.orm.deprecation            : HHH90000025: H2Dialect does not need to be specified explicitly using 'hibernate.dialect' (remove the property setting and it will be selected by default)
2025-09-23T07:12:30.398-04:00  INFO 32847 --- [           main] o.h.e.t.j.p.i.JtaPlatformInitiator       : HHH000489: No JTA platform available (set 'hibernate.transaction.jta.platform' to enable JTA platform integration)
Hibernate: 
    drop table if exists booking cascade 
Hibernate: 
    drop table if exists contacts cascade 
Hibernate: 
    drop table if exists service_type cascade 
Hibernate: 
    create table booking (
        service_type_id integer not null,
        id bigint generated by default as identity,
        pickup_time timestamp(6) with time zone not null,
        dropoff_address varchar(255) not null,
        email varchar(255),
        full_name varchar(255) not null,
        notes varchar(255),
        phone varchar(255) not null,
        pickup_address varchar(255) not null,
        status varchar(255) not null,
        primary key (id)
    )
Hibernate: 
    create table contacts (
        created_at timestamp(6),
        id bigint generated by default as identity,
        email varchar(255),
        message text,
        name varchar(255),
        phone varchar(255),
        reason varchar(255),
        primary key (id)
    )
Hibernate: 
    create table service_type (
        id integer generated by default as identity,
        description varchar(255) not null,
        name varchar(255) not null,
        primary key (id)
    )
Hibernate: 
    alter table if exists booking 
       add constraint FKjx7gpfq3whfqo33uyhj1ckuiv 
       foreign key (service_type_id) 
       references service_type
2025-09-23T07:12:30.419-04:00  INFO 32847 --- [           main] j.LocalContainerEntityManagerFactoryBean : Initialized JPA EntityManagerFactory for persistence unit 'default'
2025-09-23T07:12:30.589-04:00  WARN 32847 --- [           main] JpaBaseConfiguration$JpaWebConfiguration : spring.jpa.open-in-view is enabled by default. Therefore, database queries may be performed during view rendering. Explicitly configure spring.jpa.open-in-view to disable this warning
2025-09-23T07:12:30.615-04:00  INFO 32847 --- [           main] r$InitializeUserDetailsManagerConfigurer : Global AuthenticationManager configured with UserDetailsService bean with name userDetailsService
2025-09-23T07:12:30.815-04:00  INFO 32847 --- [           main] o.s.b.a.e.web.EndpointLinksResolver      : Exposing 2 endpoints beneath base path '/actuator'
2025-09-23T07:12:31.028-04:00  INFO 32847 --- [           main] o.s.b.w.embedded.tomcat.TomcatWebServer  : Tomcat started on port 8080 (http) with context path '/'
2025-09-23T07:12:31.036-04:00  INFO 32847 --- [           main] com.care.ride.CareRideApplication        : Started CareRideApplication in 2.33 seconds (process running for 2.503)
2025-09-23T07:13:26.888-04:00  INFO 32847 --- [nio-8080-exec-1] o.a.c.c.C.[Tomcat].[localhost].[/]       : Initializing Spring DispatcherServlet 'dispatcherServlet'
2025-09-23T07:13:26.888-04:00  INFO 32847 --- [nio-8080-exec-1] o.s.web.servlet.DispatcherServlet        : Initializing Servlet 'dispatcherServlet'
2025-09-23T07:13:26.889-04:00  INFO 32847 --- [nio-8080-exec-1] o.s.web.servlet.DispatcherServlet        : Completed initialization in 1 ms
2025-09-23T07:13:26.918-04:00  WARN 32847 --- [nio-8080-exec-1] .w.s.m.s.DefaultHandlerExceptionResolver : Resolved [org.springframework.http.converter.HttpMessageNotReadableException: Required request body is missing: public org.springframework.http.ResponseEntity<?> com.care.ride.web.PublicController.contact(com.care.ride.dto.ContactRequest)]
[contact] inbound payload email=Bajgain99@yanoo.com reason=Need Ride notifyRecipient=contact@careridesolutionspa.com
Hibernate: 
    insert 
    into
        contacts
        (created_at, email, message, name, phone, reason, id) 
    values
        (?, ?, ?, ?, ?, ?, default)
[contact] saved id=1 size=14
2025-09-23T07:14:13.278-04:00  INFO 32847 --- [onPool-worker-1] com.care.ride.service.EmailService       : === EMAIL SEND ATTEMPT ===
2025-09-23T07:14:13.278-04:00  INFO 32847 --- [onPool-worker-1] com.care.ride.service.EmailService       : From: contact@careridesolutionspa.com
2025-09-23T07:14:13.278-04:00  INFO 32847 --- [onPool-worker-1] com.care.ride.service.EmailService       : To: contact@careridesolutionspa.com
2025-09-23T07:14:13.278-04:00  INFO 32847 --- [onPool-worker-1] com.care.ride.service.EmailService       : Subject: New Contact Form Submission: Need Ride
2025-09-23T07:14:13.278-04:00  INFO 32847 --- [onPool-worker-1] com.care.ride.service.EmailService       : Host: smtp.office365.com, Port: 587
2025-09-23T07:14:13.278-04:00  INFO 32847 --- [onPool-worker-1] com.care.ride.service.EmailService       : Password configured: YES
2025-09-23T07:14:13.278-04:00  INFO 32847 --- [onPool-worker-1] com.care.ride.service.EmailService       : Password length: 17
2025-09-23T07:14:13.281-04:00  INFO 32847 --- [onPool-worker-1] com.care.ride.service.EmailService       : Trying mail send using host=smtp.office365.com, port=587, ssl=false, starttls=true, label=configured
2025-09-23T07:14:16.749-04:00  INFO 32847 --- [onPool-worker-1] com.care.ride.service.EmailService       : ✅ SUCCESS: Email sent to contact@careridesolutionspa.com (subject=New Contact Form Submission: Need Ride) via smtp.office365.com:587
[contact] async email result id=1 ok=true
